// Jest Snapshot v1, https://goo.gl/fbAQLP

exports[`renders correctly 1`] = `
<View
  accessible={true}
  focusable={false}
  onClick={[Function]}
  onResponderGrant={[Function]}
  onResponderMove={[Function]}
  onResponderRelease={[Function]}
  onResponderTerminate={[Function]}
  onResponderTerminationRequest={[Function]}
  onStartShouldSetResponder={[Function]}
  style={
    Object {
      "backgroundColor": "#707070",
      "borderColor": "#303030",
      "borderStyle": "solid",
      "borderWidth": 1,
      "justifyContent": "center",
      "opacity": 1,
      "width": "25%",
    }
  }
>
  <Text
    adjustsFontSizeToFit={true}
    numberOfLines={1}
    style={
      Array [
        Object {
          "color": "white",
          "fontSize": 45,
          "fontWeight": "200",
          "textAlign": "center",
        },
      ]
    }
  >
    OK
  </Text>
</View>
`;
