// Jest Snapshot v1, https://goo.gl/fbAQLP

exports[`renders correctly 1`] = `
<View
  style={
    Array [
      Object {
        "flexBasis": 0,
        "flexDirection": "row",
        "flexGrow": 1,
        "flexShrink": 1,
      },
    ]
  }
>
  <View
    big={false}
    dark={false}
    primary={false}
    style={
      Array [
        Object {
          "backgroundColor": "#707070",
          "flexBasis": 0,
          "flexGrow": 1,
          "flexShrink": 1,
          "justifyContent": "center",
          "marginBottom": 1,
          "marginLeft": 1,
          "marginRight": 1,
          "marginTop": 1,
        },
      ]
    }
  >
    <Text
      adjustsFontSizeToFit={true}
      numberOfLines={1}
      style={
        Array [
          Object {
            "color": "white",
            "fontSize": 45,
            "fontWeight": "200",
            "textAlign": "center",
          },
        ]
      }
    >
      AC
    </Text>
  </View>
  <View
    big={false}
    dark={false}
    primary={false}
    style={
      Array [
        Object {
          "backgroundColor": "#707070",
          "flexBasis": 0,
          "flexGrow": 1,
          "flexShrink": 1,
          "justifyContent": "center",
          "marginBottom": 1,
          "marginLeft": 1,
          "marginRight": 1,
          "marginTop": 1,
        },
      ]
    }
  >
    <Text
      adjustsFontSizeToFit={true}
      numberOfLines={1}
      style={
        Array [
          Object {
            "color": "white",
            "fontSize": 45,
            "fontWeight": "200",
            "textAlign": "center",
          },
        ]
      }
    >
      +/-
    </Text>
  </View>
  <View
    big={false}
    dark={false}
    primary={false}
    style={
      Array [
        Object {
          "backgroundColor": "#707070",
          "flexBasis": 0,
          "flexGrow": 1,
          "flexShrink": 1,
          "justifyContent": "center",
          "marginBottom": 1,
          "marginLeft": 1,
          "marginRight": 1,
          "marginTop": 1,
        },
      ]
    }
  >
    <Text
      adjustsFontSizeToFit={true}
      numberOfLines={1}
      style={
        Array [
          Object {
            "color": "white",
            "fontSize": 45,
            "fontWeight": "200",
            "textAlign": "center",
          },
        ]
      }
    >
      %
    </Text>
  </View>
  <View
    big={false}
    dark={false}
    primary={false}
    style={
      Array [
        Object {
          "backgroundColor": "#707070",
          "flexBasis": 0,
          "flexGrow": 1,
          "flexShrink": 1,
          "justifyContent": "center",
          "marginBottom": 1,
          "marginLeft": 1,
          "marginRight": 1,
          "marginTop": 1,
        },
      ]
    }
  >
    <Text
      adjustsFontSizeToFit={true}
      numberOfLines={1}
      style={
        Array [
          Object {
            "color": "white",
            "fontSize": 45,
            "fontWeight": "200",
            "textAlign": "center",
          },
        ]
      }
    >
      /
    </Text>
  </View>
</View>
`;
